// Jest Snapshot v1, https://goo.gl/fbAQLP

exports[`matches snapshot with logo 1`] = `
<DocumentFragment>
  <div
    class="container"
  >
    <h4
      class="mt-4"
    >
      Rent My Space
    </h4>
    <div
      class="mt-4"
    >
      Have you gone to a beach on weekends and struggled to get a parking spot or had trouble in finding a place to park near big events like the 4th of July firework ? 
    </div>
    <div
      class="mt-2"
    >
      Or do you wish to host a swimming pool party but are restriced because you don't have swimming pool in your house?
    </div>
    <div
      class="mt-2"
    >
      <b>
        ‘Rent My Space’
      </b>
       app can provide solutions to these problems. This app provides a listing of all the properties for renters to book. The renters can book the property for using the driveway, backyard swimming pool or other spaces.
    </div>
    <div
      class="mt-2"
    >
      If you don't have an account 
      <a
        href="/signup"
      >
        Sign Up
      </a>
       now and host a property or book one depending on your needs. Make your next event hosting or trips to beaches a hassle free process.
    </div>
  </div>
</DocumentFragment>
`;
